resources/js/Components/UI/index.tsx(32,8): error TS2322: Type '{ children: (ReactNode | Element)[]; form?: string | undefined; formAction?: string | ((formData: FormData) => void | Promise<void>) | undefined; ... 288 more ...; disabled: boolean | undefined; }' is not assignable to type 'Omit<HTMLMotionProps<"button">, "ref">'.
  Types of property 'onDrag' are incompatible.
    Type 'DragEventHandler<HTMLButtonElement> | undefined' is not assignable to type '((event: PointerEvent | MouseEvent | TouchEvent, info: PanInfo) => void) | undefined'.
      Type 'DragEventHandler<HTMLButtonElement>' is not assignable to type '(event: PointerEvent | MouseEvent | TouchEvent, info: PanInfo) => void'.
        Types of parameters 'event' and 'event' are incompatible.
          Type 'PointerEvent | MouseEvent | TouchEvent' is not assignable to type 'DragEvent<HTMLButtonElement>'.
            Type 'PointerEvent' is missing the following properties from type 'DragEvent<HTMLButtonElement>': dataTransfer, nativeEvent, isDefaultPrevented, isPropagationStopped, persist
resources/js/Components/UI/index.tsx(83,6): error TS2322: Type '{ children: ReactNode; defaultChecked?: boolean | undefined; defaultValue?: string | number | readonly string[] | undefined; suppressContentEditableWarning?: boolean | undefined; ... 276 more ...; className: string; }' is not assignable to type 'Omit<HTMLMotionProps<"div">, "ref">'.
  Types of property 'onDrag' are incompatible.
    Type 'DragEventHandler<HTMLDivElement> | undefined' is not assignable to type '((event: PointerEvent | MouseEvent | TouchEvent, info: PanInfo) => void) | undefined'.
      Type 'DragEventHandler<HTMLDivElement>' is not assignable to type '(event: PointerEvent | MouseEvent | TouchEvent, info: PanInfo) => void'.
        Types of parameters 'event' and 'event' are incompatible.
          Type 'PointerEvent | MouseEvent | TouchEvent' is not assignable to type 'DragEvent<HTMLDivElement>'.
            Type 'PointerEvent' is missing the following properties from type 'DragEvent<HTMLDivElement>': dataTransfer, nativeEvent, isDefaultPrevented, isPropagationStopped, persist
resources/js/Pages/Bursar/Fees/Index.tsx(31,20): error TS2322: Type '"brand"' is not assignable to type '"success" | "warning" | "danger" | "outline" | "primary" | "secondary" | "ghost" | undefined'.
resources/js/Pages/Landing/Index.tsx(126,92): error TS2339: Property 'lecturers' does not exist on type '{ students: number; teachers: number; classes: number; }'.
resources/js/Pages/Landing/Index.tsx(126,140): error TS2339: Property 'departments' does not exist on type '{ students: number; teachers: number; classes: number; }'.
resources/js/Pages/Lecturer/Announcements.tsx(96,37): error TS2322: Type '"brand"' is not assignable to type '"success" | "warning" | "danger" | "outline" | "primary" | "secondary" | "ghost" | undefined'.
resources/js/Pages/Lecturer/Courses.tsx(29,22): error TS2322: Type '"outline"' is not assignable to type '"success" | "warning" | "danger" | "neutral" | "brand" | "info" | undefined'.
resources/js/Pages/Lecturer/Courses.tsx(39,33): error TS2322: Type '"brand"' is not assignable to type '"success" | "warning" | "danger" | "outline" | "primary" | "secondary" | "ghost" | undefined'.
resources/js/Pages/Lecturer/Profile.tsx(87,34): error TS2322: Type '"brand"' is not assignable to type '"success" | "warning" | "danger" | "outline" | "primary" | "secondary" | "ghost" | undefined'.
resources/js/Pages/Lecturer/ResultEntry.tsx(104,19): error TS2322: Type '"brand"' is not assignable to type '"success" | "warning" | "danger" | "outline" | "primary" | "secondary" | "ghost" | undefined'.
resources/js/Pages/Registrar/Admissions/Index.tsx(38,13): error TS2554: Expected 1-3 arguments, but got 0.
resources/js/Pages/Registrar/Admissions/Index.tsx(38,21): error TS2339: Property 'current' does not exist on type 'string'.
resources/js/Pages/Registrar/Admissions/Index.tsx(57,24): error TS2322: Type '"brand"' is not assignable to type '"success" | "warning" | "danger" | "outline" | "primary" | "secondary" | "ghost" | undefined'.
resources/js/Pages/Registrar/Announcements/Index.tsx(32,20): error TS2322: Type '"brand"' is not assignable to type '"success" | "warning" | "danger" | "outline" | "primary" | "secondary" | "ghost" | undefined'.
resources/js/Pages/Registrar/Announcements/Index.tsx(80,22): error TS2322: Type '"brand"' is not assignable to type '"success" | "warning" | "danger" | "outline" | "primary" | "secondary" | "ghost" | undefined'.
resources/js/Pages/Registrar/Students/Create.tsx(143,18): error TS2304: Cannot find name 'GraduationCap'.
resources/js/Pages/Registrar/Students/Create.tsx(216,37): error TS2322: Type '"brand"' is not assignable to type '"success" | "warning" | "danger" | "outline" | "primary" | "secondary" | "ghost" | undefined'.
resources/js/Pages/SchoolAdmin/Announcements.tsx(44,77): error TS2322: Type '{ children: string; variant: any; size: string; className: string; }' is not assignable to type 'IntrinsicAttributes & BadgeProps'.
  Property 'size' does not exist on type 'IntrinsicAttributes & BadgeProps'.
resources/js/Pages/SchoolAdmin/Announcements.tsx(45,66): error TS2322: Type '{ children: string; variant: "warning"; size: string; }' is not assignable to type 'IntrinsicAttributes & BadgeProps'.
  Property 'size' does not exist on type 'IntrinsicAttributes & BadgeProps'.
resources/js/Pages/SchoolAdmin/Settings.tsx(236,88): error TS2322: Type '{ children: string; variant: "outline"; className: string; icon: Element; as: string; }' is not assignable to type 'IntrinsicAttributes & ButtonProps & RefAttributes<HTMLButtonElement>'.
  Property 'as' does not exist on type 'IntrinsicAttributes & ButtonProps & RefAttributes<HTMLButtonElement>'.
resources/js/Pages/SchoolAdmin/Students.tsx(88,33): error TS2322: Type 'string | undefined' is not assignable to type 'string'.
  Type 'undefined' is not assignable to type 'string'.
resources/js/Pages/SchoolAdmin/TeachersExamsPayments.tsx(99,17): error TS2323: Cannot redeclare exported variable 'ExamsPage'.
resources/js/Pages/SchoolAdmin/TeachersExamsPayments.tsx(190,17): error TS2323: Cannot redeclare exported variable 'PaymentsPage'.
resources/js/Pages/SchoolAdmin/TeachersExamsPayments.tsx(207,46): error TS2304: Cannot find name 'formatCurrency'.
resources/js/Pages/SchoolAdmin/TeachersExamsPayments.tsx(208,46): error TS2304: Cannot find name 'formatCurrency'.
resources/js/Pages/SchoolAdmin/TeachersExamsPayments.tsx(209,46): error TS2304: Cannot find name 'formatCurrency'.
resources/js/Pages/SchoolAdmin/TeachersExamsPayments.tsx(210,46): error TS2304: Cannot find name 'formatCurrency'.
resources/js/Pages/SchoolAdmin/TeachersExamsPayments.tsx(248,65): error TS2304: Cannot find name 'formatCurrency'.
resources/js/Pages/SchoolAdmin/TeachersExamsPayments.tsx(252,66): error TS2304: Cannot find name 'statusColor'.
resources/js/Pages/SchoolAdmin/TeachersExamsPayments.tsx(272,10): error TS2323: Cannot redeclare exported variable 'ExamsPage'.
resources/js/Pages/SchoolAdmin/TeachersExamsPayments.tsx(272,10): error TS2484: Export declaration conflicts with exported declaration of 'ExamsPage'.
resources/js/Pages/SchoolAdmin/TeachersExamsPayments.tsx(272,21): error TS2323: Cannot redeclare exported variable 'PaymentsPage'.
resources/js/Pages/SchoolAdmin/TeachersExamsPayments.tsx(272,21): error TS2484: Export declaration conflicts with exported declaration of 'PaymentsPage'.
resources/js/Pages/Student/Announcements.tsx(60,29): error TS2322: Type '"outline"' is not assignable to type '"success" | "warning" | "danger" | "neutral" | "brand" | "info" | undefined'.
resources/js/Pages/Student/Attendance.tsx(86,60): error TS2322: Type '"secondary"' is not assignable to type '"success" | "warning" | "danger" | "neutral" | "brand" | "info" | undefined'.
resources/js/Pages/Student/Dashboard.tsx(94,23): error TS2322: Type '"white"' is not assignable to type '"success" | "warning" | "danger" | "outline" | "primary" | "secondary" | "ghost" | undefined'.
resources/js/Pages/Student/Profile.tsx(88,34): error TS2322: Type '"brand"' is not assignable to type '"success" | "warning" | "danger" | "outline" | "primary" | "secondary" | "ghost" | undefined'.
resources/js/Pages/Student/Timetable.tsx(22,43): error TS2322: Type '"outline"' is not assignable to type '"success" | "warning" | "danger" | "neutral" | "brand" | "info" | undefined'.
resources/js/Pages/SuperAdmin/SchoolCreate.tsx(75,136): error TS2345: Argument of type 'string' is not assignable to parameter of type 'number'.
resources/js/Pages/Teacher/Attendance.tsx(13,11): error TS2430: Interface 'AttendanceStudent' incorrectly extends interface 'Student'.
  Types of property 'user' are incompatible.
    Type '{ name: string; avatar: string | null; }' is missing the following properties from type 'User': id, tenant_id, email, role, and 6 more.
resources/js/Pages/Teacher/Exams.tsx(45,28): error TS2322: Type '"primary" | "secondary"' is not assignable to type '"success" | "warning" | "danger" | "neutral" | "brand" | "info" | undefined'.
  Type '"primary"' is not assignable to type '"success" | "warning" | "danger" | "neutral" | "brand" | "info" | undefined'.
resources/js/Pages/Teacher/Grades.tsx(85,71): error TS2322: Type 'GradeEntry[]' is not assignable to type 'FormDataConvertible'.
  Type 'GradeEntry[]' is not assignable to type 'FormDataConvertible[]'.
    Type 'GradeEntry' is not assignable to type 'FormDataConvertible'.
      Type 'GradeEntry' is not assignable to type '{ [key: string]: FormDataConvertible; }'.
        Index signature for type 'string' is missing in type 'GradeEntry'.
resources/js/Pages/Teacher/Timetable.tsx(65,33): error TS2322: Type '"secondary"' is not assignable to type '"success" | "warning" | "danger" | "neutral" | "brand" | "info" | undefined'.
resources/js/Pages/University/Dashboard.tsx(107,34): error TS2322: Type '"outline"' is not assignable to type '"success" | "warning" | "danger" | "neutral" | "brand" | "info" | undefined'.
resources/js/Pages/University/Dashboard.tsx(123,43): error TS2322: Type '"brand"' is not assignable to type '"success" | "warning" | "danger" | "outline" | "primary" | "secondary" | "ghost" | undefined'.
resources/js/app.tsx(14,29): error TS2339: Property 'env' does not exist on type 'ImportMeta'.
resources/js/app.tsx(18,78): error TS2339: Property 'glob' does not exist on type 'ImportMeta'.
